Release 9.2i - xst J.36
Copyright (c) 1995-2007 Xilinx, Inc.  All rights reserved.
--> Parameter TMPDIR set to ./xst/projnav.tmp
CPU : 0.00 / 0.16 s | Elapsed : 0.00 / 0.00 s
 
--> Parameter xsthdpdir set to ./xst
CPU : 0.00 / 0.17 s | Elapsed : 0.00 / 0.00 s
 
--> Reading design: toplevel.prj

TABLE OF CONTENTS
  1) Synthesis Options Summary
  2) HDL Compilation
  3) Design Hierarchy Analysis
  4) HDL Analysis
  5) HDL Synthesis
     5.1) HDL Synthesis Report
  6) Advanced HDL Synthesis
     6.1) Advanced HDL Synthesis Report
  7) Low Level Synthesis
  8) Partition Report
  9) Final Report
     9.1) Device utilization summary
     9.2) Partition Resource Summary
     9.3) TIMING REPORT


=========================================================================
*                      Synthesis Options Summary                        *
=========================================================================
---- Source Parameters
Input File Name                    : "toplevel.prj"
Input Format                       : mixed
Ignore Synthesis Constraint File   : NO

---- Target Parameters
Output File Name                   : "toplevel"
Output Format                      : NGC
Target Device                      : xc3s500e-4-fg320

---- Source Options
Top Module Name                    : toplevel
Automatic FSM Extraction           : YES
FSM Encoding Algorithm             : Auto
Safe Implementation                : No
FSM Style                          : lut
RAM Extraction                     : Yes
RAM Style                          : Auto
ROM Extraction                     : Yes
Mux Style                          : Auto
Decoder Extraction                 : YES
Priority Encoder Extraction        : YES
Shift Register Extraction          : YES
Logical Shifter Extraction         : YES
XOR Collapsing                     : YES
ROM Style                          : Auto
Mux Extraction                     : YES
Resource Sharing                   : YES
Asynchronous To Synchronous        : NO
Multiplier Style                   : auto
Automatic Register Balancing       : No

---- Target Options
Add IO Buffers                     : YES
Global Maximum Fanout              : 500
Add Generic Clock Buffer(BUFG)     : 24
Register Duplication               : YES
Slice Packing                      : YES
Optimize Instantiated Primitives   : NO
Use Clock Enable                   : Yes
Use Synchronous Set                : Yes
Use Synchronous Reset              : Yes
Pack IO Registers into IOBs        : auto
Equivalent register Removal        : YES

---- General Options
Optimization Goal                  : Speed
Optimization Effort                : 1
Library Search Order               : toplevel.lso
Keep Hierarchy                     : NO
RTL Output                         : Yes
Global Optimization                : AllClockNets
Read Cores                         : YES
Write Timing Constraints           : NO
Cross Clock Analysis               : NO
Hierarchy Separator                : /
Bus Delimiter                      : <>
Case Specifier                     : maintain
Slice Utilization Ratio            : 100
BRAM Utilization Ratio             : 100
Verilog 2001                       : YES
Auto BRAM Packing                  : NO
Slice Utilization Ratio Delta      : 5

=========================================================================


=========================================================================
*                          HDL Compilation                              *
=========================================================================
Compiling vhdl file "//fileserver.eecs.ku.edu/wscipio/EECS140/Lab8/lab8/Bit_full_adder.vhd" in Library work.
Architecture behavioral of Entity bit_full_adder is up to date.
Compiling vhdl file "//fileserver.eecs.ku.edu/wscipio/EECS140/Lab8/lab8/ANDer.vhd" in Library work.
Architecture behavioral of Entity ander is up to date.
Compiling vhdl file "//fileserver.eecs.ku.edu/wscipio/EECS140/Lab8/lab8/ORer.vhd" in Library work.
Architecture behavioral of Entity orer is up to date.
Compiling vhdl file "//fileserver.eecs.ku.edu/wscipio/EECS140/Lab8/lab8/XORer.vhd" in Library work.
Architecture behavioral of Entity xorer is up to date.
Compiling vhdl file "//fileserver.eecs.ku.edu/wscipio/EECS140/Lab8/lab8/ADDer.vhd" in Library work.
Architecture structural of Entity adder is up to date.
Compiling vhdl file "//fileserver.eecs.ku.edu/wscipio/EECS140/Lab8/lab8/LEDdisplay.vhd" in Library work.
Architecture procedural of Entity mux4by7 is up to date.
Architecture structural of Entity leddisplay is up to date.
Compiling vhdl file "//fileserver.eecs.ku.edu/wscipio/EECS140/Lab8/lab8/Function_select.vhd" in Library work.
Architecture procedural of Entity function_select is up to date.
Compiling vhdl file "//fileserver.eecs.ku.edu/wscipio/EECS140/Lab8/lab8/Display_driver.vhd" in Library work.
Architecture behavioral of Entity display_driver is up to date.
Compiling vhdl file "//fileserver.eecs.ku.edu/wscipio/EECS140/Lab8/lab8/Toplevel_lab9.vhd" in Library work.
WARNING:HDLParsers:3530 - Time stamp of file "//fileserver.eecs.ku.edu/wscipio/EECS140/Lab8/lab8/Toplevel_lab9.vhd" is newer than current system time.
Entity <toplevel> compiled.
Entity <toplevel> (Architecture <Behavioral>) compiled.

=========================================================================
*                     Design Hierarchy Analysis                         *
=========================================================================
Analyzing hierarchy for entity <toplevel> in library <work> (architecture <Behavioral>).

Analyzing hierarchy for entity <ANDer> in library <work> (architecture <behavioral>).

Analyzing hierarchy for entity <ORer> in library <work> (architecture <behavioral>).

Analyzing hierarchy for entity <XORer> in library <work> (architecture <behavioral>).

Analyzing hierarchy for entity <ADDer> in library <work> (architecture <structural>).

Analyzing hierarchy for entity <LEDdisplay> in library <work> (architecture <structural>).

Analyzing hierarchy for entity <function_select> in library <work> (architecture <procedural>).

Analyzing hierarchy for entity <display_driver> in library <work> (architecture <behavioral>).

Analyzing hierarchy for entity <bit_full_adder> in library <work> (architecture <behavioral>).

Analyzing hierarchy for entity <Mux4by7> in library <work> (architecture <procedural>).


=========================================================================
*                            HDL Analysis                               *
=========================================================================
Analyzing Entity <toplevel> in library <work> (Architecture <Behavioral>).
Entity <toplevel> analyzed. Unit <toplevel> generated.

Analyzing Entity <ANDer> in library <work> (Architecture <behavioral>).
Entity <ANDer> analyzed. Unit <ANDer> generated.

Analyzing Entity <ORer> in library <work> (Architecture <behavioral>).
Entity <ORer> analyzed. Unit <ORer> generated.

Analyzing Entity <XORer> in library <work> (Architecture <behavioral>).
Entity <XORer> analyzed. Unit <XORer> generated.

Analyzing Entity <ADDer> in library <work> (Architecture <structural>).
Entity <ADDer> analyzed. Unit <ADDer> generated.

Analyzing Entity <bit_full_adder> in library <work> (Architecture <behavioral>).
Entity <bit_full_adder> analyzed. Unit <bit_full_adder> generated.

Analyzing Entity <LEDdisplay> in library <work> (Architecture <structural>).
Entity <LEDdisplay> analyzed. Unit <LEDdisplay> generated.

Analyzing Entity <Mux4by7> in library <work> (Architecture <procedural>).
Entity <Mux4by7> analyzed. Unit <Mux4by7> generated.

Analyzing Entity <function_select> in library <work> (Architecture <procedural>).
WARNING:Xst:819 - "//fileserver.eecs.ku.edu/wscipio/EECS140/Lab8/lab8/Function_select.vhd" line 44: The following signals are missing in the process sensitivity list:
   Input3.
Entity <function_select> analyzed. Unit <function_select> generated.

Analyzing Entity <display_driver> in library <work> (Architecture <behavioral>).
Entity <display_driver> analyzed. Unit <display_driver> generated.


=========================================================================
*                           HDL Synthesis                               *
=========================================================================

Performing bidirectional port resolution...

Synthesizing Unit <ANDer>.
    Related source file is "//fileserver.eecs.ku.edu/wscipio/EECS140/Lab8/lab8/ANDer.vhd".
Unit <ANDer> synthesized.


Synthesizing Unit <ORer>.
    Related source file is "//fileserver.eecs.ku.edu/wscipio/EECS140/Lab8/lab8/ORer.vhd".
Unit <ORer> synthesized.


Synthesizing Unit <XORer>.
    Related source file is "//fileserver.eecs.ku.edu/wscipio/EECS140/Lab8/lab8/XORer.vhd".
    Found 4-bit xor2 for signal <Output>.
Unit <XORer> synthesized.


Synthesizing Unit <function_select>.
    Related source file is "//fileserver.eecs.ku.edu/wscipio/EECS140/Lab8/lab8/Function_select.vhd".
    Found 5-bit 4-to-1 multiplexer for signal <Output>.
    Summary:
	inferred   5 Multiplexer(s).
Unit <function_select> synthesized.


Synthesizing Unit <display_driver>.
    Related source file is "//fileserver.eecs.ku.edu/wscipio/EECS140/Lab8/lab8/Display_driver.vhd".
    Found 16x7-bit ROM for signal <seg_out>.
    Summary:
	inferred   1 ROM(s).
Unit <display_driver> synthesized.


Synthesizing Unit <bit_full_adder>.
    Related source file is "//fileserver.eecs.ku.edu/wscipio/EECS140/Lab8/lab8/Bit_full_adder.vhd".
    Found 1-bit xor2 for signal <S>.
    Found 1-bit xor2 for signal <Cout$xor0000> created at line 43.
Unit <bit_full_adder> synthesized.


Synthesizing Unit <ADDer>.
    Related source file is "//fileserver.eecs.ku.edu/wscipio/EECS140/Lab8/lab8/ADDer.vhd".
Unit <ADDer> synthesized.


Synthesizing Unit <Mux4by7>.
    Related source file is "//fileserver.eecs.ku.edu/wscipio/EECS140/Lab8/lab8/LEDdisplay.vhd".
Unit <Mux4by7> synthesized.


Synthesizing Unit <LEDdisplay>.
    Related source file is "//fileserver.eecs.ku.edu/wscipio/EECS140/Lab8/lab8/LEDdisplay.vhd".
    Found finite state machine <FSM_0> for signal <cur_state>.
    -----------------------------------------------------------------------
    | States             | 4                                              |
    | Transitions        | 4                                              |
    | Inputs             | 0                                              |
    | Outputs            | 6                                              |
    | Clock              | downclk (rising_edge)                          |
    | Power Up State     | st00                                           |
    | Encoding           | automatic                                      |
    | Implementation     | LUT                                            |
    -----------------------------------------------------------------------
    Found 16-bit up counter for signal <Counter_Signal>.
    Summary:
	inferred   1 Finite State Machine(s).
	inferred   1 Counter(s).
Unit <LEDdisplay> synthesized.


Synthesizing Unit <toplevel>.
    Related source file is "//fileserver.eecs.ku.edu/wscipio/EECS140/Lab8/lab8/Toplevel_lab9.vhd".
WARNING:Xst:653 - Signal <sig_segments3> is used but never assigned. Tied to value 1111111.
WARNING:Xst:653 - Signal <sig_segments4> is used but never assigned. Tied to value 1111111.
Unit <toplevel> synthesized.


=========================================================================
HDL Synthesis Report

Macro Statistics
# ROMs                                                 : 2
 16x7-bit ROM                                          : 2
# Counters                                             : 1
 16-bit up counter                                     : 1
# Multiplexers                                         : 1
 5-bit 4-to-1 multiplexer                              : 1
# Xors                                                 : 9
 1-bit xor2                                            : 8
 4-bit xor2                                            : 1

=========================================================================

=========================================================================
*                       Advanced HDL Synthesis                          *
=========================================================================

Analyzing FSM <FSM_0> for best encoding.
Optimizing FSM <LEDdisplay0/cur_state> on signal <cur_state[1:2]> with gray encoding.
-------------------
 State | Encoding
-------------------
 st00  | 00
 st01  | 01
 st10  | 11
 st11  | 10
-------------------
Loading device for application Rf_Device from file '3s500e.nph' in environment C:\Xilinx92i.

=========================================================================
Advanced HDL Synthesis Report

Macro Statistics
# FSMs                                                 : 1
# ROMs                                                 : 2
 16x7-bit ROM                                          : 2
# Counters                                             : 1
 16-bit up counter                                     : 1
# Registers                                            : 2
 Flip-Flops                                            : 2
# Multiplexers                                         : 1
 5-bit 4-to-1 multiplexer                              : 1
# Xors                                                 : 9
 1-bit xor2                                            : 8
 4-bit xor2                                            : 1

=========================================================================

=========================================================================
*                         Low Level Synthesis                           *
=========================================================================
WARNING:Xst:2677 - Node <LEDdisplay0/Counter_Signal_15> of sequential type is unconnected in block <toplevel>.

Optimizing unit <toplevel> ...

Optimizing unit <Mux4by7> ...

Mapping all equations...
Building and optimizing final netlist ...
Found area constraint ratio of 100 (+ 5) on block toplevel, actual ratio is 0.

Final Macro Processing ...

=========================================================================
Final Register Report

Macro Statistics
# Registers                                            : 17
 Flip-Flops                                            : 17

=========================================================================

=========================================================================
*                          Partition Report                             *
=========================================================================

Partition Implementation Status
-------------------------------

  No Partitions were found in this design.

-------------------------------

=========================================================================
*                            Final Report                               *
=========================================================================
Final Results
RTL Top Level Output File Name     : toplevel.ngr
Top Level Output File Name         : toplevel
Output Format                      : NGC
Optimization Goal                  : Speed
Keep Hierarchy                     : NO

Design Statistics
# IOs                              : 23

Cell Usage :
# BELS                             : 106
#      GND                         : 1
#      INV                         : 1
#      LUT1                        : 14
#      LUT2                        : 5
#      LUT3                        : 8
#      LUT4                        : 19
#      MUXCY                       : 14
#      MUXF5                       : 22
#      MUXF6                       : 7
#      VCC                         : 1
#      XORCY                       : 14
# FlipFlops/Latches                : 17
#      FD                          : 16
#      FDR                         : 1
# Clock Buffers                    : 1
#      BUFGP                       : 1
# IO Buffers                       : 22
#      IBUF                        : 11
#      OBUF                        : 11
=========================================================================

Device utilization summary:
---------------------------

Selected Device : 3s500efg320-4 

 Number of Slices:                      33  out of   4656     0%  
 Number of Slice Flip Flops:            17  out of   9312     0%  
 Number of 4 input LUTs:                47  out of   9312     0%  
 Number of IOs:                         23
 Number of bonded IOBs:                 23  out of    232     9%  
 Number of GCLKs:                        1  out of     24     4%  

---------------------------
Partition Resource Summary:
---------------------------

  No Partitions were found in this design.

---------------------------


=========================================================================
TIMING REPORT

NOTE: THESE TIMING NUMBERS ARE ONLY A SYNTHESIS ESTIMATE.
      FOR ACCURATE TIMING INFORMATION PLEASE REFER TO THE TRACE REPORT
      GENERATED AFTER PLACE-and-ROUTE.

Clock Information:
------------------
-----------------------------------+---------------------------------+-------+
Clock Signal                       | Clock buffer(FF name)           | Load  |
-----------------------------------+---------------------------------+-------+
LEDdisplay0/Counter_Signal_14      | NONE(LEDdisplay0/cur_state_FFd2)| 2     |
clk                                | BUFGP                           | 15    |
-----------------------------------+---------------------------------+-------+
INFO:Xst:2169 - HDL ADVISOR - Some clock signals were not automatically buffered by XST with BUFG/BUFR resources. Please use the buffer_type constraint in order to insert these buffers to the clock signals to help prevent skew problems.

Asynchronous Control Signals Information:
----------------------------------------
No asynchronous control signals found in this design

Timing Summary:
---------------
Speed Grade: -4

   Minimum period: 4.174ns (Maximum Frequency: 239.578MHz)
   Minimum input arrival time before clock: No path found
   Maximum output required time after clock: 8.309ns
   Maximum combinational path delay: 12.319ns

Timing Detail:
--------------
All values displayed in nanoseconds (ns)

=========================================================================
Timing constraint: Default period analysis for Clock 'LEDdisplay0/Counter_Signal_14'
  Clock period: 2.485ns (frequency: 402.414MHz)
  Total number of paths / destination ports: 2 / 2
-------------------------------------------------------------------------
Delay:               2.485ns (Levels of Logic = 0)
  Source:            LEDdisplay0/cur_state_FFd1 (FF)
  Destination:       LEDdisplay0/cur_state_FFd2 (FF)
  Source Clock:      LEDdisplay0/Counter_Signal_14 rising
  Destination Clock: LEDdisplay0/Counter_Signal_14 rising

  Data Path: LEDdisplay0/cur_state_FFd1 to LEDdisplay0/cur_state_FFd2
                                Gate     Net
    Cell:in->out      fanout   Delay   Delay  Logical Name (Net Name)
    ----------------------------------------  ------------
     FD:C->Q              13   0.591   0.983  LEDdisplay0/cur_state_FFd1 (LEDdisplay0/cur_state_FFd1)
     FDR:R                     0.911          LEDdisplay0/cur_state_FFd2
    ----------------------------------------
    Total                      2.485ns (1.502ns logic, 0.983ns route)
                                       (60.4% logic, 39.6% route)

=========================================================================
Timing constraint: Default period analysis for Clock 'clk'
  Clock period: 4.174ns (frequency: 239.578MHz)
  Total number of paths / destination ports: 120 / 15
-------------------------------------------------------------------------
Delay:               4.174ns (Levels of Logic = 15)
  Source:            LEDdisplay0/Counter_Signal_1 (FF)
  Destination:       LEDdisplay0/Counter_Signal_14 (FF)
  Source Clock:      clk rising
  Destination Clock: clk rising

  Data Path: LEDdisplay0/Counter_Signal_1 to LEDdisplay0/Counter_Signal_14
                                Gate     Net
    Cell:in->out      fanout   Delay   Delay  Logical Name (Net Name)
    ----------------------------------------  ------------
     FD:C->Q               1   0.591   0.595  LEDdisplay0/Counter_Signal_1 (LEDdisplay0/Counter_Signal_1)
     LUT1:I0->O            1   0.704   0.000  LEDdisplay0/Mcount_Counter_Signal_cy<1>_rt (LEDdisplay0/Mcount_Counter_Signal_cy<1>_rt)
     MUXCY:S->O            1   0.464   0.000  LEDdisplay0/Mcount_Counter_Signal_cy<1> (LEDdisplay0/Mcount_Counter_Signal_cy<1>)
     MUXCY:CI->O           1   0.059   0.000  LEDdisplay0/Mcount_Counter_Signal_cy<2> (LEDdisplay0/Mcount_Counter_Signal_cy<2>)
     MUXCY:CI->O           1   0.059   0.000  LEDdisplay0/Mcount_Counter_Signal_cy<3> (LEDdisplay0/Mcount_Counter_Signal_cy<3>)
     MUXCY:CI->O           1   0.059   0.000  LEDdisplay0/Mcount_Counter_Signal_cy<4> (LEDdisplay0/Mcount_Counter_Signal_cy<4>)
     MUXCY:CI->O           1   0.059   0.000  LEDdisplay0/Mcount_Counter_Signal_cy<5> (LEDdisplay0/Mcount_Counter_Signal_cy<5>)
     MUXCY:CI->O           1   0.059   0.000  LEDdisplay0/Mcount_Counter_Signal_cy<6> (LEDdisplay0/Mcount_Counter_Signal_cy<6>)
     MUXCY:CI->O           1   0.059   0.000  LEDdisplay0/Mcount_Counter_Signal_cy<7> (LEDdisplay0/Mcount_Counter_Signal_cy<7>)
     MUXCY:CI->O           1   0.059   0.000  LEDdisplay0/Mcount_Counter_Signal_cy<8> (LEDdisplay0/Mcount_Counter_Signal_cy<8>)
     MUXCY:CI->O           1   0.059   0.000  LEDdisplay0/Mcount_Counter_Signal_cy<9> (LEDdisplay0/Mcount_Counter_Signal_cy<9>)
     MUXCY:CI->O           1   0.059   0.000  LEDdisplay0/Mcount_Counter_Signal_cy<10> (LEDdisplay0/Mcount_Counter_Signal_cy<10>)
     MUXCY:CI->O           1   0.059   0.000  LEDdisplay0/Mcount_Counter_Signal_cy<11> (LEDdisplay0/Mcount_Counter_Signal_cy<11>)
     MUXCY:CI->O           1   0.059   0.000  LEDdisplay0/Mcount_Counter_Signal_cy<12> (LEDdisplay0/Mcount_Counter_Signal_cy<12>)
     MUXCY:CI->O           0   0.059   0.000  LEDdisplay0/Mcount_Counter_Signal_cy<13> (LEDdisplay0/Mcount_Counter_Signal_cy<13>)
     XORCY:CI->O           1   0.804   0.000  LEDdisplay0/Mcount_Counter_Signal_xor<14> (Result<14>)
     FD:D                      0.308          LEDdisplay0/Counter_Signal_14
    ----------------------------------------
    Total                      4.174ns (3.579ns logic, 0.595ns route)
                                       (85.7% logic, 14.3% route)

=========================================================================
Timing constraint: Default OFFSET OUT AFTER for Clock 'LEDdisplay0/Counter_Signal_14'
  Total number of paths / destination ports: 43 / 11
-------------------------------------------------------------------------
Offset:              8.309ns (Levels of Logic = 4)
  Source:            LEDdisplay0/cur_state_FFd1 (FF)
  Destination:       segments<6> (PAD)
  Source Clock:      LEDdisplay0/Counter_Signal_14 rising

  Data Path: LEDdisplay0/cur_state_FFd1 to segments<6>
                                Gate     Net
    Cell:in->out      fanout   Delay   Delay  Logical Name (Net Name)
    ----------------------------------------  ------------
     FD:C->Q              13   0.591   1.062  LEDdisplay0/cur_state_FFd1 (LEDdisplay0/cur_state_FFd1)
     LUT2:I1->O           14   0.704   1.000  LEDdisplay0/cur_state_Out11 (LEDdisplay0/control<0>)
     MUXF5:S->O            1   0.739   0.000  LEDdisplay0/dispMUX00/dispMUX00 (LEDdisplay0/dispMUX00/seg0<0>)
     MUXF6:I0->O           1   0.521   0.420  LEDdisplay0/dispMUX00/dispMUX02 (segments_0_OBUF)
     OBUF:I->O                 3.272          segments_0_OBUF (segments<0>)
    ----------------------------------------
    Total                      8.309ns (5.827ns logic, 2.482ns route)
                                       (70.1% logic, 29.9% route)

=========================================================================
Timing constraint: Default path analysis
  Total number of paths / destination ports: 612 / 7
-------------------------------------------------------------------------
Delay:               12.319ns (Levels of Logic = 11)
  Source:            switches<4> (PAD)
  Destination:       segments<4> (PAD)

  Data Path: switches<4> to segments<4>
                                Gate     Net
    Cell:in->out      fanout   Delay   Delay  Logical Name (Net Name)
    ----------------------------------------  ------------
     IBUF:I->O             6   1.218   0.844  switches_4_IBUF (switches_4_IBUF)
     LUT4:I0->O            1   0.704   0.000  ADDER3/bit_full_adder1/Cout1 (N76)
     MUXF5:I1->O           5   0.321   0.637  ADDER3/bit_full_adder1/Cout_f5 (ADDER3/c1)
     LUT4:I3->O            1   0.704   0.000  function_select0/Mmux_Output_33_SW01 (N80)
     MUXF5:I1->O           1   0.321   0.424  function_select0/Mmux_Output_33_SW0_f5 (N72)
     LUT4:I3->O            1   0.704   0.000  function_select0/Mmux_Output_33 (N7)
     MUXF5:I1->O           7   0.321   0.883  function_select0/Mmux_Output_2_f5_2 (out_select<3>)
     LUT4:I0->O            1   0.704   0.000  display_driver0/Mrom_seg_out51 (display_driver0/Mrom_seg_out4)
     MUXF5:I0->O           1   0.321   0.000  LEDdisplay0/dispMUX00/dispMUX40 (LEDdisplay0/dispMUX00/seg0<4>)
     MUXF6:I0->O           1   0.521   0.420  LEDdisplay0/dispMUX00/dispMUX42 (segments_4_OBUF)
     OBUF:I->O                 3.272          segments_4_OBUF (segments<4>)
    ----------------------------------------
    Total                     12.319ns (9.111ns logic, 3.208ns route)
                                       (74.0% logic, 26.0% route)

=========================================================================
CPU : 6.20 / 6.38 s | Elapsed : 6.00 / 6.00 s
 
--> 

Total memory usage is 211032 kilobytes

Number of errors   :    0 (   0 filtered)
Number of warnings :    5 (   0 filtered)
Number of infos    :    1 (   0 filtered)

