AR toplevel structural H:/EECS140/lab_9(3)/toplevel.vhd sub00/vhpl03 1365696320
EN toplevel NULL H:/EECS140/lab_9(3)/toplevel.vhd sub00/vhpl02 1365696319
EN gateddlatch NULL H:/EECS140/lab_9(3)/gatedDlatch.vhd sub00/vhpl00 1365696317
AR gateddlatch structural H:/EECS140/lab_9(3)/gatedDlatch.vhd sub00/vhpl01 1365696318
