Release 9.2i - xst J.36
Copyright (c) 1995-2007 Xilinx, Inc.  All rights reserved.
--> Parameter TMPDIR set to ./xst/projnav.tmp
CPU : 0.00 / 0.18 s | Elapsed : 0.00 / 0.00 s
 
--> Parameter xsthdpdir set to ./xst
CPU : 0.00 / 0.18 s | Elapsed : 0.00 / 0.00 s
 
--> Reading design: LEDdisplay.prj

TABLE OF CONTENTS
  1) Synthesis Options Summary
  2) HDL Compilation
  3) Design Hierarchy Analysis
  4) HDL Analysis
  5) HDL Synthesis
     5.1) HDL Synthesis Report
  6) Advanced HDL Synthesis
     6.1) Advanced HDL Synthesis Report
  7) Low Level Synthesis
  8) Partition Report
  9) Final Report
     9.1) Device utilization summary
     9.2) Partition Resource Summary
     9.3) TIMING REPORT


=========================================================================
*                      Synthesis Options Summary                        *
=========================================================================
---- Source Parameters
Input File Name                    : "LEDdisplay.prj"
Input Format                       : mixed
Ignore Synthesis Constraint File   : NO

---- Target Parameters
Output File Name                   : "LEDdisplay"
Output Format                      : NGC
Target Device                      : xc3s500e-4-fg320

---- Source Options
Top Module Name                    : LEDdisplay
Automatic FSM Extraction           : YES
FSM Encoding Algorithm             : Auto
Safe Implementation                : No
FSM Style                          : lut
RAM Extraction                     : Yes
RAM Style                          : Auto
ROM Extraction                     : Yes
Mux Style                          : Auto
Decoder Extraction                 : YES
Priority Encoder Extraction        : YES
Shift Register Extraction          : YES
Logical Shifter Extraction         : YES
XOR Collapsing                     : YES
ROM Style                          : Auto
Mux Extraction                     : YES
Resource Sharing                   : YES
Asynchronous To Synchronous        : NO
Multiplier Style                   : auto
Automatic Register Balancing       : No

---- Target Options
Add IO Buffers                     : YES
Global Maximum Fanout              : 500
Add Generic Clock Buffer(BUFG)     : 24
Register Duplication               : YES
Slice Packing                      : YES
Optimize Instantiated Primitives   : NO
Use Clock Enable                   : Yes
Use Synchronous Set                : Yes
Use Synchronous Reset              : Yes
Pack IO Registers into IOBs        : auto
Equivalent register Removal        : YES

---- General Options
Optimization Goal                  : Speed
Optimization Effort                : 1
Library Search Order               : LEDdisplay.lso
Keep Hierarchy                     : NO
RTL Output                         : Yes
Global Optimization                : AllClockNets
Read Cores                         : YES
Write Timing Constraints           : NO
Cross Clock Analysis               : NO
Hierarchy Separator                : /
Bus Delimiter                      : <>
Case Specifier                     : maintain
Slice Utilization Ratio            : 100
BRAM Utilization Ratio             : 100
Verilog 2001                       : YES
Auto BRAM Packing                  : NO
Slice Utilization Ratio Delta      : 5

=========================================================================


=========================================================================
*                          HDL Compilation                              *
=========================================================================
Compiling vhdl file "C:/Users/wscipio/Downloads/LEDdisplay.vhd" in Library work.
Architecture procedural of Entity mux4by7 is up to date.
Architecture structural of Entity leddisplay is up to date.

=========================================================================
*                     Design Hierarchy Analysis                         *
=========================================================================
Analyzing hierarchy for entity <LEDdisplay> in library <work> (architecture <structural>).

Analyzing hierarchy for entity <Mux4by7> in library <work> (architecture <procedural>).


=========================================================================
*                            HDL Analysis                               *
=========================================================================
Analyzing Entity <LEDdisplay> in library <work> (Architecture <structural>).
Entity <LEDdisplay> analyzed. Unit <LEDdisplay> generated.

Analyzing Entity <Mux4by7> in library <work> (Architecture <procedural>).
Entity <Mux4by7> analyzed. Unit <Mux4by7> generated.


=========================================================================
*                           HDL Synthesis                               *
=========================================================================

Performing bidirectional port resolution...

Synthesizing Unit <Mux4by7>.
    Related source file is "C:/Users/wscipio/Downloads/LEDdisplay.vhd".
Unit <Mux4by7> synthesized.


Synthesizing Unit <LEDdisplay>.
    Related source file is "C:/Users/wscipio/Downloads/LEDdisplay.vhd".
    Found finite state machine <FSM_0> for signal <cur_state>.
    -----------------------------------------------------------------------
    | States             | 4                                              |
    | Transitions        | 4                                              |
    | Inputs             | 0                                              |
    | Outputs            | 6                                              |
    | Clock              | downclk (rising_edge)                          |
    | Power Up State     | st00                                           |
    | Encoding           | automatic                                      |
    | Implementation     | LUT                                            |
    -----------------------------------------------------------------------
    Found 16-bit up counter for signal <Counter_Signal>.
    Summary:
	inferred   1 Finite State Machine(s).
	inferred   1 Counter(s).
Unit <LEDdisplay> synthesized.


=========================================================================
HDL Synthesis Report

Macro Statistics
# Counters                                             : 1
 16-bit up counter                                     : 1

=========================================================================

=========================================================================
*                       Advanced HDL Synthesis                          *
=========================================================================

Analyzing FSM <FSM_0> for best encoding.
Optimizing FSM <cur_state> on signal <cur_state[1:2]> with gray encoding.
-------------------
 State | Encoding
-------------------
 st00  | 00
 st01  | 01
 st10  | 11
 st11  | 10
-------------------
Loading device for application Rf_Device from file '3s500e.nph' in environment C:\Xilinx92i.

=========================================================================
Advanced HDL Synthesis Report

Macro Statistics
# FSMs                                                 : 1
# Counters                                             : 1
 16-bit up counter                                     : 1
# Registers                                            : 2
 Flip-Flops                                            : 2

=========================================================================

=========================================================================
*                         Low Level Synthesis                           *
=========================================================================
WARNING:Xst:2677 - Node <Counter_Signal_15> of sequential type is unconnected in block <LEDdisplay>.

Optimizing unit <LEDdisplay> ...

Optimizing unit <Mux4by7> ...

Mapping all equations...
Building and optimizing final netlist ...
Found area constraint ratio of 100 (+ 5) on block LEDdisplay, actual ratio is 0.

Final Macro Processing ...

=========================================================================
Final Register Report

Macro Statistics
# Registers                                            : 17
 Flip-Flops                                            : 17

=========================================================================

=========================================================================
*                          Partition Report                             *
=========================================================================

Partition Implementation Status
-------------------------------

  No Partitions were found in this design.

-------------------------------

=========================================================================
*                            Final Report                               *
=========================================================================
Final Results
RTL Top Level Output File Name     : LEDdisplay.ngr
Top Level Output File Name         : LEDdisplay
Output Format                      : NGC
Optimization Goal                  : Speed
Keep Hierarchy                     : NO

Design Statistics
# IOs                              : 40

Cell Usage :
# BELS                             : 99
#      GND                         : 1
#      INV                         : 1
#      LUT1                        : 42
#      LUT2                        : 5
#      MUXCY                       : 14
#      MUXF5                       : 14
#      MUXF6                       : 7
#      VCC                         : 1
#      XORCY                       : 14
# FlipFlops/Latches                : 17
#      FD                          : 16
#      FDR                         : 1
# Clock Buffers                    : 1
#      BUFGP                       : 1
# IO Buffers                       : 39
#      IBUF                        : 28
#      OBUF                        : 11
=========================================================================

Device utilization summary:
---------------------------

Selected Device : 3s500efg320-4 

 Number of Slices:                      25  out of   4656     0%  
 Number of Slice Flip Flops:            17  out of   9312     0%  
 Number of 4 input LUTs:                48  out of   9312     0%  
 Number of IOs:                         40
 Number of bonded IOBs:                 40  out of    232    17%  
 Number of GCLKs:                        1  out of     24     4%  

---------------------------
Partition Resource Summary:
---------------------------

  No Partitions were found in this design.

---------------------------


=========================================================================
TIMING REPORT

NOTE: THESE TIMING NUMBERS ARE ONLY A SYNTHESIS ESTIMATE.
      FOR ACCURATE TIMING INFORMATION PLEASE REFER TO THE TRACE REPORT
      GENERATED AFTER PLACE-and-ROUTE.

Clock Information:
------------------
-----------------------------------+------------------------+-------+
Clock Signal                       | Clock buffer(FF name)  | Load  |
-----------------------------------+------------------------+-------+
Counter_Signal_14                  | NONE(cur_state_FFd2)   | 2     |
clk                                | BUFGP                  | 15    |
-----------------------------------+------------------------+-------+
INFO:Xst:2169 - HDL ADVISOR - Some clock signals were not automatically buffered by XST with BUFG/BUFR resources. Please use the buffer_type constraint in order to insert these buffers to the clock signals to help prevent skew problems.

Asynchronous Control Signals Information:
----------------------------------------
No asynchronous control signals found in this design

Timing Summary:
---------------
Speed Grade: -4

   Minimum period: 4.174ns (Maximum Frequency: 239.578MHz)
   Minimum input arrival time before clock: No path found
   Maximum output required time after clock: 8.309ns
   Maximum combinational path delay: 7.051ns

Timing Detail:
--------------
All values displayed in nanoseconds (ns)

=========================================================================
Timing constraint: Default period analysis for Clock 'Counter_Signal_14'
  Clock period: 2.485ns (frequency: 402.414MHz)
  Total number of paths / destination ports: 2 / 2
-------------------------------------------------------------------------
Delay:               2.485ns (Levels of Logic = 0)
  Source:            cur_state_FFd1 (FF)
  Destination:       cur_state_FFd2 (FF)
  Source Clock:      Counter_Signal_14 rising
  Destination Clock: Counter_Signal_14 rising

  Data Path: cur_state_FFd1 to cur_state_FFd2
                                Gate     Net
    Cell:in->out      fanout   Delay   Delay  Logical Name (Net Name)
    ----------------------------------------  ------------
     FD:C->Q              13   0.591   0.983  cur_state_FFd1 (cur_state_FFd1)
     FDR:R                     0.911          cur_state_FFd2
    ----------------------------------------
    Total                      2.485ns (1.502ns logic, 0.983ns route)
                                       (60.4% logic, 39.6% route)

=========================================================================
Timing constraint: Default period analysis for Clock 'clk'
  Clock period: 4.174ns (frequency: 239.578MHz)
  Total number of paths / destination ports: 120 / 15
-------------------------------------------------------------------------
Delay:               4.174ns (Levels of Logic = 15)
  Source:            Counter_Signal_1 (FF)
  Destination:       Counter_Signal_14 (FF)
  Source Clock:      clk rising
  Destination Clock: clk rising

  Data Path: Counter_Signal_1 to Counter_Signal_14
                                Gate     Net
    Cell:in->out      fanout   Delay   Delay  Logical Name (Net Name)
    ----------------------------------------  ------------
     FD:C->Q               1   0.591   0.595  Counter_Signal_1 (Counter_Signal_1)
     LUT1:I0->O            1   0.704   0.000  Mcount_Counter_Signal_cy<1>_rt (Mcount_Counter_Signal_cy<1>_rt)
     MUXCY:S->O            1   0.464   0.000  Mcount_Counter_Signal_cy<1> (Mcount_Counter_Signal_cy<1>)
     MUXCY:CI->O           1   0.059   0.000  Mcount_Counter_Signal_cy<2> (Mcount_Counter_Signal_cy<2>)
     MUXCY:CI->O           1   0.059   0.000  Mcount_Counter_Signal_cy<3> (Mcount_Counter_Signal_cy<3>)
     MUXCY:CI->O           1   0.059   0.000  Mcount_Counter_Signal_cy<4> (Mcount_Counter_Signal_cy<4>)
     MUXCY:CI->O           1   0.059   0.000  Mcount_Counter_Signal_cy<5> (Mcount_Counter_Signal_cy<5>)
     MUXCY:CI->O           1   0.059   0.000  Mcount_Counter_Signal_cy<6> (Mcount_Counter_Signal_cy<6>)
     MUXCY:CI->O           1   0.059   0.000  Mcount_Counter_Signal_cy<7> (Mcount_Counter_Signal_cy<7>)
     MUXCY:CI->O           1   0.059   0.000  Mcount_Counter_Signal_cy<8> (Mcount_Counter_Signal_cy<8>)
     MUXCY:CI->O           1   0.059   0.000  Mcount_Counter_Signal_cy<9> (Mcount_Counter_Signal_cy<9>)
     MUXCY:CI->O           1   0.059   0.000  Mcount_Counter_Signal_cy<10> (Mcount_Counter_Signal_cy<10>)
     MUXCY:CI->O           1   0.059   0.000  Mcount_Counter_Signal_cy<11> (Mcount_Counter_Signal_cy<11>)
     MUXCY:CI->O           1   0.059   0.000  Mcount_Counter_Signal_cy<12> (Mcount_Counter_Signal_cy<12>)
     MUXCY:CI->O           0   0.059   0.000  Mcount_Counter_Signal_cy<13> (Mcount_Counter_Signal_cy<13>)
     XORCY:CI->O           1   0.804   0.000  Mcount_Counter_Signal_xor<14> (Result<14>)
     FD:D                      0.308          Counter_Signal_14
    ----------------------------------------
    Total                      4.174ns (3.579ns logic, 0.595ns route)
                                       (85.7% logic, 14.3% route)

=========================================================================
Timing constraint: Default OFFSET OUT AFTER for Clock 'Counter_Signal_14'
  Total number of paths / destination ports: 43 / 11
-------------------------------------------------------------------------
Offset:              8.309ns (Levels of Logic = 4)
  Source:            cur_state_FFd1 (FF)
  Destination:       seg<6> (PAD)
  Source Clock:      Counter_Signal_14 rising

  Data Path: cur_state_FFd1 to seg<6>
                                Gate     Net
    Cell:in->out      fanout   Delay   Delay  Logical Name (Net Name)
    ----------------------------------------  ------------
     FD:C->Q              13   0.591   1.062  cur_state_FFd1 (cur_state_FFd1)
     LUT2:I1->O           14   0.704   1.000  cur_state_Out11 (control<0>)
     MUXF5:S->O            1   0.739   0.000  dispMUX00/dispMUX00 (dispMUX00/seg0<0>)
     MUXF6:I0->O           1   0.521   0.420  dispMUX00/dispMUX02 (seg_0_OBUF)
     OBUF:I->O                 3.272          seg_0_OBUF (seg<0>)
    ----------------------------------------
    Total                      8.309ns (5.827ns logic, 2.482ns route)
                                       (70.1% logic, 29.9% route)

=========================================================================
Timing constraint: Default path analysis
  Total number of paths / destination ports: 28 / 7
-------------------------------------------------------------------------
Delay:               7.051ns (Levels of Logic = 5)
  Source:            seg0<6> (PAD)
  Destination:       seg<6> (PAD)

  Data Path: seg0<6> to seg<6>
                                Gate     Net
    Cell:in->out      fanout   Delay   Delay  Logical Name (Net Name)
    ----------------------------------------  ------------
     IBUF:I->O             1   1.218   0.595  seg0_6_IBUF (seg0_6_IBUF)
     LUT1:I0->O            1   0.704   0.000  dispMUX00/dispMUX60_rt (dispMUX00/dispMUX60_rt)
     MUXF5:I0->O           1   0.321   0.000  dispMUX00/dispMUX60 (dispMUX00/seg0<6>)
     MUXF6:I0->O           1   0.521   0.420  dispMUX00/dispMUX62 (seg_6_OBUF)
     OBUF:I->O                 3.272          seg_6_OBUF (seg<6>)
    ----------------------------------------
    Total                      7.051ns (6.036ns logic, 1.015ns route)
                                       (85.6% logic, 14.4% route)

=========================================================================
CPU : 4.70 / 4.91 s | Elapsed : 5.00 / 5.00 s
 
--> 

Total memory usage is 207960 kilobytes

Number of errors   :    0 (   0 filtered)
Number of warnings :    1 (   0 filtered)
Number of infos    :    1 (   0 filtered)

