--------------------------------------------------------------------------------
Release 9.2i Trace 
Copyright (c) 1995-2007 Xilinx, Inc.  All rights reserved.

C:\Xilinx92i\bin\nt\trce.exe -ise H:/EECS140/lab10/lab10.ise -intstyle ise -e 3
-s 4 -xml LEDdisplay LEDdisplay.ncd -o LEDdisplay.twr LEDdisplay.pcf

Design file:              leddisplay.ncd
Physical constraint file: leddisplay.pcf
Device,package,speed:     xc3s500e,fg320,-4 (PRODUCTION 1.26 2007-04-13)
Report level:             error report

Environment Variable      Effect 
--------------------      ------ 
NONE                      No environment variables were set
--------------------------------------------------------------------------------

INFO:Timing:2698 - No timing constraints found, doing default enumeration.
INFO:Timing:2752 - To get complete path coverage, use the unconstrained paths 
   option. All paths that are not constrained will be reported in the 
   unconstrained paths section(s) of the report.
INFO:Timing:3339 - The clock-to-out numbers in this timing report are based on 
   a 50 Ohm transmission line loading model.  For the details of this model, 
   and for more information on accounting for different loading conditions, 
   please see the device datasheet.



Data Sheet report:
-----------------
All values displayed in nanoseconds (ns)

Clock to Setup on destination clock clk
---------------+---------+---------+---------+---------+
               | Src:Rise| Src:Fall| Src:Rise| Src:Fall|
Source Clock   |Dest:Rise|Dest:Rise|Dest:Fall|Dest:Fall|
---------------+---------+---------+---------+---------+
clk            |    3.860|         |         |         |
---------------+---------+---------+---------+---------+

Pad to Pad
---------------+---------------+---------+
Source Pad     |Destination Pad|  Delay  |
---------------+---------------+---------+
seg0<0>        |seg<0>         |    8.458|
seg0<1>        |seg<1>         |   10.260|
seg0<2>        |seg<2>         |    7.323|
seg0<3>        |seg<3>         |    9.910|
seg0<4>        |seg<4>         |    9.465|
seg0<5>        |seg<5>         |    6.854|
seg0<6>        |seg<6>         |    9.608|
seg1<0>        |seg<0>         |    7.308|
seg1<1>        |seg<1>         |    9.530|
seg1<2>        |seg<2>         |    9.148|
seg1<3>        |seg<3>         |    9.804|
seg1<4>        |seg<4>         |    8.558|
seg1<5>        |seg<5>         |    9.737|
seg1<6>        |seg<6>         |    9.527|
seg2<0>        |seg<0>         |    6.958|
seg2<1>        |seg<1>         |    8.009|
seg2<2>        |seg<2>         |    6.948|
seg2<3>        |seg<3>         |    8.026|
seg2<4>        |seg<4>         |    7.680|
seg2<5>        |seg<5>         |    7.087|
seg2<6>        |seg<6>         |    8.349|
seg3<0>        |seg<0>         |    6.618|
seg3<1>        |seg<1>         |    7.728|
seg3<2>        |seg<2>         |    6.618|
seg3<3>        |seg<3>         |    8.236|
seg3<4>        |seg<4>         |    7.931|
seg3<5>        |seg<5>         |    6.904|
seg3<6>        |seg<6>         |    8.573|
---------------+---------------+---------+


Analysis completed Thu Apr 25 11:06:23 2013 
--------------------------------------------------------------------------------

Trace Settings:
-------------------------
Trace Settings 

Peak Memory Usage: 136 MB



