Release 9.2i - xst J.36
Copyright (c) 1995-2007 Xilinx, Inc.  All rights reserved.
--> Parameter TMPDIR set to ./xst/projnav.tmp
CPU : 0.00 / 0.18 s | Elapsed : 0.00 / 0.00 s
 
--> Parameter xsthdpdir set to ./xst
CPU : 0.00 / 0.18 s | Elapsed : 0.00 / 0.00 s
 
--> Reading design: toplevel.prj

TABLE OF CONTENTS
  1) Synthesis Options Summary
  2) HDL Compilation
  3) Design Hierarchy Analysis
  4) HDL Analysis
  5) HDL Synthesis
     5.1) HDL Synthesis Report
  6) Advanced HDL Synthesis
     6.1) Advanced HDL Synthesis Report
  7) Low Level Synthesis
  8) Partition Report
  9) Final Report
     9.1) Device utilization summary
     9.2) Partition Resource Summary
     9.3) TIMING REPORT


=========================================================================
*                      Synthesis Options Summary                        *
=========================================================================
---- Source Parameters
Input File Name                    : "toplevel.prj"
Input Format                       : mixed
Ignore Synthesis Constraint File   : NO

---- Target Parameters
Output File Name                   : "toplevel"
Output Format                      : NGC
Target Device                      : xc3s500e-4-fg320

---- Source Options
Top Module Name                    : toplevel
Automatic FSM Extraction           : YES
FSM Encoding Algorithm             : Auto
Safe Implementation                : No
FSM Style                          : lut
RAM Extraction                     : Yes
RAM Style                          : Auto
ROM Extraction                     : Yes
Mux Style                          : Auto
Decoder Extraction                 : YES
Priority Encoder Extraction        : YES
Shift Register Extraction          : YES
Logical Shifter Extraction         : YES
XOR Collapsing                     : YES
ROM Style                          : Auto
Mux Extraction                     : YES
Resource Sharing                   : YES
Asynchronous To Synchronous        : NO
Multiplier Style                   : auto
Automatic Register Balancing       : No

---- Target Options
Add IO Buffers                     : YES
Global Maximum Fanout              : 500
Add Generic Clock Buffer(BUFG)     : 24
Register Duplication               : YES
Slice Packing                      : YES
Optimize Instantiated Primitives   : NO
Use Clock Enable                   : Yes
Use Synchronous Set                : Yes
Use Synchronous Reset              : Yes
Pack IO Registers into IOBs        : auto
Equivalent register Removal        : YES

---- General Options
Optimization Goal                  : Speed
Optimization Effort                : 1
Library Search Order               : toplevel.lso
Keep Hierarchy                     : NO
RTL Output                         : Yes
Global Optimization                : AllClockNets
Read Cores                         : YES
Write Timing Constraints           : NO
Cross Clock Analysis               : NO
Hierarchy Separator                : /
Bus Delimiter                      : <>
Case Specifier                     : maintain
Slice Utilization Ratio            : 100
BRAM Utilization Ratio             : 100
Verilog 2001                       : YES
Auto BRAM Packing                  : NO
Slice Utilization Ratio Delta      : 5

=========================================================================


=========================================================================
*                          HDL Compilation                              *
=========================================================================
Compiling vhdl file "//fileserver.eecs.ku.edu/wscipio/EECS140/Lab8/Display_driver.vhd" in Library work.
Architecture behavioral of Entity display_driver is up to date.
Compiling vhdl file "//fileserver.eecs.ku.edu/wscipio/EECS140/lab10/display_driver2.vhd" in Library work.
Architecture behavioral of Entity display_driver2 is up to date.
Compiling vhdl file "//fileserver.eecs.ku.edu/wscipio/EECS140/lab10/display_driver3.vhd" in Library work.
Architecture behavioral of Entity display_driver3 is up to date.
Compiling vhdl file "//fileserver.eecs.ku.edu/wscipio/EECS140/lab10/display_driver4.vhd" in Library work.
Architecture behavioral of Entity display_driver4 is up to date.
Compiling vhdl file "C:/Users/wscipio/Downloads/LEDdisplay.vhd" in Library work.
Architecture procedural of Entity mux4by7 is up to date.
Architecture structural of Entity leddisplay is up to date.
Compiling vhdl file "//fileserver.eecs.ku.edu/wscipio/EECS140/lab10/fourbitcounter.vhd" in Library work.
Architecture behavioral of Entity fourbitcounter is up to date.
Compiling vhdl file "//fileserver.eecs.ku.edu/wscipio/EECS140/lab10/clock_divider.vhd" in Library work.
Architecture behavioral of Entity clock_divider is up to date.
Compiling vhdl file "//fileserver.eecs.ku.edu/wscipio/EECS140/lab10/toplevel.vhd" in Library work.
WARNING:HDLParsers:3530 - Time stamp of file "//fileserver.eecs.ku.edu/wscipio/EECS140/lab10/toplevel.vhd" is newer than current system time.
Entity <toplevel> compiled.
ERROR:HDLParsers:3312 - "//fileserver.eecs.ku.edu/wscipio/EECS140/lab10/toplevel.vhd" Line 85. Undefined symbol 'display_driver2'.
ERROR:HDLParsers:3312 - "//fileserver.eecs.ku.edu/wscipio/EECS140/lab10/toplevel.vhd" Line 91. Undefined symbol 'display_driver3'.
ERROR:HDLParsers:3312 - "//fileserver.eecs.ku.edu/wscipio/EECS140/lab10/toplevel.vhd" Line 97. Undefined symbol 'display_driver4'.
ERROR:HDLParsers:164 - "//fileserver.eecs.ku.edu/wscipio/EECS140/lab10/toplevel.vhd" Line 112. parse error, unexpected INTEGER_LITERAL
--> 

Total memory usage is 174012 kilobytes

Number of errors   :    4 (   0 filtered)
Number of warnings :    1 (   0 filtered)
Number of infos    :    0 (   0 filtered)

