AR toplevel behavioral //fileserver.eecs.ku.edu/wscipio/EECS140/Lab7/Toplevel.vhd sub00/vhpl09 1364486802
EN leddisplay NULL //fileserver.eecs.ku.edu/wscipio/EECS140/Lab7/LEDdisplay.vhd sub00/vhpl07 1364486799
AR bit_full_adder behavioral //fileserver.eecs.ku.edu/wscipio/EECS140/Lab7/Bit_full_adder1.vhd sub00/vhpl02 1364486796
AR leddisplay structural //fileserver.eecs.ku.edu/wscipio/EECS140/Lab7/LEDdisplay.vhd sub00/vhpl08 1364486800
EN display_driver NULL //fileserver.eecs.ku.edu/wscipio/EECS140/Lab7/Display_driver.vhd sub00/vhpl03 1364486793
EN mux4by7 NULL //fileserver.eecs.ku.edu/wscipio/EECS140/Lab7/LEDdisplay.vhd sub00/vhpl05 1364486797
EN bit_full_adder NULL //fileserver.eecs.ku.edu/wscipio/EECS140/Lab7/Bit_full_adder1.vhd sub00/vhpl01 1364486795
AR display_driver behavioral //fileserver.eecs.ku.edu/wscipio/EECS140/Lab7/Display_driver.vhd sub00/vhpl04 1364486794
EN toplevel NULL //fileserver.eecs.ku.edu/wscipio/EECS140/Lab7/Toplevel.vhd sub00/vhpl00 1364486801
AR mux4by7 procedural //fileserver.eecs.ku.edu/wscipio/EECS140/Lab7/LEDdisplay.vhd sub00/vhpl06 1364486798
