EN leddisplay NULL C:/Users/wscipio/Downloads/LEDdisplay.vhd sub00/vhpl11 1366906055
AR fourbitcounter behavioral //fileserver.eecs.ku.edu/wscipio/EECS140/lab10/fourbitcounter.vhd sub00/vhpl14 1366906058
AR leddisplay structural C:/Users/wscipio/Downloads/LEDdisplay.vhd sub00/vhpl12 1366906056
AR clock_divider behavioral //fileserver.eecs.ku.edu/wscipio/EECS140/lab10/clock_divider.vhd sub00/vhpl16 1366906060
EN display_driver NULL //fileserver.eecs.ku.edu/wscipio/EECS140/Lab8/Display_driver.vhd sub00/vhpl01 1366906045
EN mux4by7 NULL C:/Users/wscipio/Downloads/LEDdisplay.vhd sub00/vhpl09 1366906053
AR display_driver3 behavioral //fileserver.eecs.ku.edu/wscipio/EECS140/lab10/display_driver3.vhd sub00/vhpl06 1366906050
EN clock_divider NULL //fileserver.eecs.ku.edu/wscipio/EECS140/lab10/clock_divider.vhd sub00/vhpl15 1366906059
AR display_driver behavioral //fileserver.eecs.ku.edu/wscipio/EECS140/Lab8/Display_driver.vhd sub00/vhpl02 1366906046
EN toplevel NULL //fileserver.eecs.ku.edu/wscipio/EECS140/lab10/toplevel.vhd sub00/vhpl00 1366906061
EN display_driver2 NULL //fileserver.eecs.ku.edu/wscipio/EECS140/lab10/display_driver2.vhd sub00/vhpl03 1366906047
EN display_driver3 NULL //fileserver.eecs.ku.edu/wscipio/EECS140/lab10/display_driver3.vhd sub00/vhpl05 1366906049
EN display_driver4 NULL //fileserver.eecs.ku.edu/wscipio/EECS140/lab10/display_driver4.vhd sub00/vhpl07 1366906051
AR mux4by7 procedural C:/Users/wscipio/Downloads/LEDdisplay.vhd sub00/vhpl10 1366906054
AR display_driver4 behavioral //fileserver.eecs.ku.edu/wscipio/EECS140/lab10/display_driver4.vhd sub00/vhpl08 1366906052
AR display_driver2 behavioral //fileserver.eecs.ku.edu/wscipio/EECS140/lab10/display_driver2.vhd sub00/vhpl04 1366906048
EN fourbitcounter NULL //fileserver.eecs.ku.edu/wscipio/EECS140/lab10/fourbitcounter.vhd sub00/vhpl13 1366906057
