Release 9.2i - xst J.36
Copyright (c) 1995-2007 Xilinx, Inc.  All rights reserved.
--> Parameter TMPDIR set to ./xst/projnav.tmp
CPU : 0.00 / 0.20 s | Elapsed : 0.00 / 0.00 s
 
--> Parameter xsthdpdir set to ./xst
CPU : 0.00 / 0.20 s | Elapsed : 0.00 / 0.00 s
 
--> Reading design: sixbitxor.prj

TABLE OF CONTENTS
  1) Synthesis Options Summary
  2) HDL Compilation
  3) Design Hierarchy Analysis
  4) HDL Analysis
  5) HDL Synthesis
     5.1) HDL Synthesis Report
  6) Advanced HDL Synthesis
     6.1) Advanced HDL Synthesis Report
  7) Low Level Synthesis
  8) Partition Report
  9) Final Report
     9.1) Device utilization summary
     9.2) Partition Resource Summary
     9.3) TIMING REPORT


=========================================================================
*                      Synthesis Options Summary                        *
=========================================================================
---- Source Parameters
Input File Name                    : "sixbitxor.prj"
Input Format                       : mixed
Ignore Synthesis Constraint File   : NO

---- Target Parameters
Output File Name                   : "sixbitxor"
Output Format                      : NGC
Target Device                      : xc3s500e-4-fg320

---- Source Options
Top Module Name                    : sixbitxor
Automatic FSM Extraction           : YES
FSM Encoding Algorithm             : Auto
Safe Implementation                : No
FSM Style                          : lut
RAM Extraction                     : Yes
RAM Style                          : Auto
ROM Extraction                     : Yes
Mux Style                          : Auto
Decoder Extraction                 : YES
Priority Encoder Extraction        : YES
Shift Register Extraction          : YES
Logical Shifter Extraction         : YES
XOR Collapsing                     : YES
ROM Style                          : Auto
Mux Extraction                     : YES
Resource Sharing                   : YES
Asynchronous To Synchronous        : NO
Multiplier Style                   : auto
Automatic Register Balancing       : No

---- Target Options
Add IO Buffers                     : YES
Global Maximum Fanout              : 500
Add Generic Clock Buffer(BUFG)     : 24
Register Duplication               : YES
Slice Packing                      : YES
Optimize Instantiated Primitives   : NO
Use Clock Enable                   : Yes
Use Synchronous Set                : Yes
Use Synchronous Reset              : Yes
Pack IO Registers into IOBs        : auto
Equivalent register Removal        : YES

---- General Options
Optimization Goal                  : Speed
Optimization Effort                : 1
Library Search Order               : sixbitxor.lso
Keep Hierarchy                     : NO
RTL Output                         : Yes
Global Optimization                : AllClockNets
Read Cores                         : YES
Write Timing Constraints           : NO
Cross Clock Analysis               : NO
Hierarchy Separator                : /
Bus Delimiter                      : <>
Case Specifier                     : maintain
Slice Utilization Ratio            : 100
BRAM Utilization Ratio             : 100
Verilog 2001                       : YES
Auto BRAM Packing                  : NO
Slice Utilization Ratio Delta      : 5

=========================================================================


=========================================================================
*                          HDL Compilation                              *
=========================================================================
Compiling vhdl file "//galileo.eecs.ku.edu/wscipio/EECS140/Lab6/twobitxor.vhd" in Library work.
Architecture behavioral of Entity twobitxor is up to date.
Compiling vhdl file "//galileo.eecs.ku.edu/wscipio/EECS140/Lab6/threebitxor.vhd" in Library work.
Architecture structural of Entity threebitxor is up to date.
Compiling vhdl file "//galileo.eecs.ku.edu/wscipio/EECS140/Lab6/sixbitxor.vhd" in Library work.
Entity <sixbitxor> compiled.
Entity <sixbitxor> (Architecture <Structural>) compiled.

=========================================================================
*                     Design Hierarchy Analysis                         *
=========================================================================
Analyzing hierarchy for entity <sixbitxor> in library <work> (architecture <Structural>).

Analyzing hierarchy for entity <threebitxor> in library <work> (architecture <structural>).

Analyzing hierarchy for entity <twobitxor> in library <work> (architecture <behavioral>).


=========================================================================
*                            HDL Analysis                               *
=========================================================================
Analyzing Entity <sixbitxor> in library <work> (Architecture <Structural>).
Entity <sixbitxor> analyzed. Unit <sixbitxor> generated.

Analyzing Entity <threebitxor> in library <work> (Architecture <structural>).
Entity <threebitxor> analyzed. Unit <threebitxor> generated.

Analyzing Entity <twobitxor> in library <work> (Architecture <behavioral>).
Entity <twobitxor> analyzed. Unit <twobitxor> generated.


=========================================================================
*                           HDL Synthesis                               *
=========================================================================

Performing bidirectional port resolution...

Synthesizing Unit <twobitxor>.
    Related source file is "//galileo.eecs.ku.edu/wscipio/EECS140/Lab6/twobitxor.vhd".
Unit <twobitxor> synthesized.


Synthesizing Unit <threebitxor>.
    Related source file is "//galileo.eecs.ku.edu/wscipio/EECS140/Lab6/threebitxor.vhd".
Unit <threebitxor> synthesized.


Synthesizing Unit <sixbitxor>.
    Related source file is "//galileo.eecs.ku.edu/wscipio/EECS140/Lab6/sixbitxor.vhd".
Unit <sixbitxor> synthesized.


=========================================================================
HDL Synthesis Report

Found no macro
=========================================================================

=========================================================================
*                       Advanced HDL Synthesis                          *
=========================================================================

Loading device for application Rf_Device from file '3s500e.nph' in environment C:\Xilinx92i.

=========================================================================
Advanced HDL Synthesis Report

Found no macro
=========================================================================

=========================================================================
*                         Low Level Synthesis                           *
=========================================================================

Optimizing unit <sixbitxor> ...

Mapping all equations...
Building and optimizing final netlist ...
Found area constraint ratio of 100 (+ 5) on block sixbitxor, actual ratio is 0.

Final Macro Processing ...

=========================================================================
Final Register Report

Found no macro
=========================================================================

=========================================================================
*                          Partition Report                             *
=========================================================================

Partition Implementation Status
-------------------------------

  No Partitions were found in this design.

-------------------------------

=========================================================================
*                            Final Report                               *
=========================================================================
Final Results
RTL Top Level Output File Name     : sixbitxor.ngr
Top Level Output File Name         : sixbitxor
Output Format                      : NGC
Optimization Goal                  : Speed
Keep Hierarchy                     : NO

Design Statistics
# IOs                              : 7

Cell Usage :
# BELS                             : 2
#      LUT3                        : 1
#      LUT4                        : 1
# IO Buffers                       : 7
#      IBUF                        : 6
#      OBUF                        : 1
=========================================================================

Device utilization summary:
---------------------------

Selected Device : 3s500efg320-4 

 Number of Slices:                       1  out of   4656     0%  
 Number of 4 input LUTs:                 2  out of   9312     0%  
 Number of IOs:                          7
 Number of bonded IOBs:                  7  out of    232     3%  

---------------------------
Partition Resource Summary:
---------------------------

  No Partitions were found in this design.

---------------------------


=========================================================================
TIMING REPORT

NOTE: THESE TIMING NUMBERS ARE ONLY A SYNTHESIS ESTIMATE.
      FOR ACCURATE TIMING INFORMATION PLEASE REFER TO THE TRACE REPORT
      GENERATED AFTER PLACE-and-ROUTE.

Clock Information:
------------------
No clock signals found in this design

Asynchronous Control Signals Information:
----------------------------------------
No asynchronous control signals found in this design

Timing Summary:
---------------
Speed Grade: -4

   Minimum period: No path found
   Minimum input arrival time before clock: No path found
   Maximum output required time after clock: No path found
   Maximum combinational path delay: 7.412ns

Timing Detail:
--------------
All values displayed in nanoseconds (ns)

=========================================================================
Timing constraint: Default path analysis
  Total number of paths / destination ports: 6 / 1
-------------------------------------------------------------------------
Delay:               7.412ns (Levels of Logic = 4)
  Source:            Y (PAD)
  Destination:       I (PAD)

  Data Path: Y to I
                                Gate     Net
    Cell:in->out      fanout   Delay   Delay  Logical Name (Net Name)
    ----------------------------------------  ------------
     IBUF:I->O             1   1.218   0.595  Y_IBUF (Y_IBUF)
     LUT3:I0->O            1   0.704   0.499  XYZ/ABC/G1 (XxorYxorZ)
     LUT4:I1->O            1   0.704   0.420  UVWXYZ/G1 (I_OBUF)
     OBUF:I->O                 3.272          I_OBUF (I)
    ----------------------------------------
    Total                      7.412ns (5.898ns logic, 1.514ns route)
                                       (79.6% logic, 20.4% route)

=========================================================================
CPU : 5.20 / 5.43 s | Elapsed : 5.00 / 5.00 s
 
--> 

Total memory usage is 203288 kilobytes

Number of errors   :    0 (   0 filtered)
Number of warnings :    0 (   0 filtered)
Number of infos    :    0 (   0 filtered)

