EN function_select NULL //fileserver.eecs.ku.edu/wscipio/EECS140/Lab8/lab8/Function_select.vhd sub00/vhpl15 1365089108
AR toplevel behavioral //fileserver.eecs.ku.edu/wscipio/EECS140/Lab8/lab8/Toplevel_lab9.vhd sub00/vhpl19 1365089113
EN adder NULL //fileserver.eecs.ku.edu/wscipio/EECS140/Lab8/lab8/ADDer.vhd sub00/vhpl02 1365089102
EN leddisplay NULL //fileserver.eecs.ku.edu/wscipio/EECS140/Lab8/lab8/LEDdisplay.vhd sub00/vhpl13 1365089106
AR bit_full_adder behavioral //fileserver.eecs.ku.edu/wscipio/EECS140/Lab8/lab8/Bit_full_adder.vhd sub00/vhpl01 1365089095
AR leddisplay structural //fileserver.eecs.ku.edu/wscipio/EECS140/Lab8/lab8/LEDdisplay.vhd sub00/vhpl14 1365089107
AR orer behavioral //fileserver.eecs.ku.edu/wscipio/EECS140/Lab8/lab8/ORer.vhd sub00/vhpl08 1365089099
EN display_driver NULL //fileserver.eecs.ku.edu/wscipio/EECS140/Lab8/lab8/Display_driver.vhd sub00/vhpl17 1365089110
EN mux4by7 NULL //fileserver.eecs.ku.edu/wscipio/EECS140/Lab8/lab8/LEDdisplay.vhd sub00/vhpl11 1365089104
EN bit_full_adder NULL //fileserver.eecs.ku.edu/wscipio/EECS140/Lab8/lab8/Bit_full_adder.vhd sub00/vhpl00 1365089094
AR display_driver behavioral //fileserver.eecs.ku.edu/wscipio/EECS140/Lab8/lab8/Display_driver.vhd sub00/vhpl18 1365089111
EN toplevel NULL //fileserver.eecs.ku.edu/wscipio/EECS140/Lab8/lab8/Toplevel_lab9.vhd sub00/vhpl04 1365089112
EN xorer NULL //fileserver.eecs.ku.edu/wscipio/EECS140/Lab8/lab8/XORer.vhd sub00/vhpl09 1365089100
EN ander NULL //fileserver.eecs.ku.edu/wscipio/EECS140/Lab8/lab8/ANDer.vhd sub00/vhpl05 1365089096
AR ander behavioral //fileserver.eecs.ku.edu/wscipio/EECS140/Lab8/lab8/ANDer.vhd sub00/vhpl06 1365089097
AR mux4by7 procedural //fileserver.eecs.ku.edu/wscipio/EECS140/Lab8/lab8/LEDdisplay.vhd sub00/vhpl12 1365089105
EN orer NULL //fileserver.eecs.ku.edu/wscipio/EECS140/Lab8/lab8/ORer.vhd sub00/vhpl07 1365089098
AR function_select procedural //fileserver.eecs.ku.edu/wscipio/EECS140/Lab8/lab8/Function_select.vhd sub00/vhpl16 1365089109
AR adder structural //fileserver.eecs.ku.edu/wscipio/EECS140/Lab8/lab8/ADDer.vhd sub00/vhpl03 1365089103
AR xorer behavioral //fileserver.eecs.ku.edu/wscipio/EECS140/Lab8/lab8/XORer.vhd sub00/vhpl10 1365089101
